[24-Sep-2026 13:00:46 Asia/Kuala_Lumpur] PHP Warning:  require_once(includes/bootstrap.php): Failed to open stream: No such file or directory in C:\xampp\htdocs\WebChat\api\test_friends_search.php on line 10
[24-Sep-2026 13:00:46 Asia/Kuala_Lumpur] PHP Fatal error:  Uncaught Error: Failed opening required 'includes/bootstrap.php' (include_path='C:\xampp\php\PEAR') in C:\xampp\htdocs\WebChat\api\test_friends_search.php:10
Stack trace:
#0 {main}
  thrown in C:\xampp\htdocs\WebChat\api\test_friends_search.php on line 10
[24-Sep-2026 13:06:22 Asia/Kuala_Lumpur] PHP Warning:  require_once(includes/bootstrap.php): Failed to open stream: No such file or directory in C:\xampp\htdocs\WebChat\api\test_debug.php on line 11
[24-Sep-2026 13:06:22 Asia/Kuala_Lumpur] PHP Fatal error:  Uncaught Error: Failed opening required 'includes/bootstrap.php' (include_path='C:\xampp\php\PEAR') in C:\xampp\htdocs\WebChat\api\test_debug.php:11
Stack trace:
#0 {main}
  thrown in C:\xampp\htdocs\WebChat\api\test_debug.php on line 11
[24-Sep-2026 13:06:42 Asia/Kuala_Lumpur] PHP Warning:  ini_set(): Session ini settings cannot be changed when a session is active in C:\xampp\htdocs\WebChat\includes\config.php on line 79
[24-Sep-2026 13:06:42 Asia/Kuala_Lumpur] PHP Warning:  ini_set(): Session ini settings cannot be changed when a session is active in C:\xampp\htdocs\WebChat\includes\config.php on line 80
[24-Sep-2026 13:06:42 Asia/Kuala_Lumpur] PHP Warning:  ini_set(): Session ini settings cannot be changed when a session is active in C:\xampp\htdocs\WebChat\includes\config.php on line 81
[24-Sep-2026 13:06:42 Asia/Kuala_Lumpur] PHP Warning:  session_name(): Session name cannot be changed when a session is active in C:\xampp\htdocs\WebChat\includes\config.php on line 82
[24-Sep-2026 13:06:42 Asia/Kuala_Lumpur] PHP Notice:  session_start(): Ignoring session_start() because a session is already active in C:\xampp\htdocs\WebChat\includes\config.php on line 83
[24-Sep-2026 13:07:05 Asia/Kuala_Lumpur] PHP Warning:  require_once(includes/bootstrap.php): Failed to open stream: No such file or directory in C:\xampp\htdocs\WebChat\api\test_friends_search.php on line 9
[24-Sep-2026 13:07:05 Asia/Kuala_Lumpur] PHP Fatal error:  Uncaught Error: Failed opening required 'includes/bootstrap.php' (include_path='C:\xampp\php\PEAR') in C:\xampp\htdocs\WebChat\api\test_friends_search.php:9
Stack trace:
#0 {main}
  thrown in C:\xampp\htdocs\WebChat\api\test_friends_search.php on line 9
[24-Sep-2026 13:07:39 Asia/Kuala_Lumpur] PHP Warning:  ini_set(): Session ini settings cannot be changed when a session is active in C:\xampp\htdocs\WebChat\includes\config.php on line 79
[24-Sep-2026 13:07:39 Asia/Kuala_Lumpur] PHP Warning:  ini_set(): Session ini settings cannot be changed when a session is active in C:\xampp\htdocs\WebChat\includes\config.php on line 80
[24-Sep-2026 13:07:39 Asia/Kuala_Lumpur] PHP Warning:  ini_set(): Session ini settings cannot be changed when a session is active in C:\xampp\htdocs\WebChat\includes\config.php on line 81
[24-Sep-2026 13:07:39 Asia/Kuala_Lumpur] PHP Warning:  session_name(): Session name cannot be changed when a session is active in C:\xampp\htdocs\WebChat\includes\config.php on line 82
[24-Sep-2026 13:07:39 Asia/Kuala_Lumpur] PHP Notice:  session_start(): Ignoring session_start() because a session is already active in C:\xampp\htdocs\WebChat\includes\config.php on line 83
[24-Sep-2026 13:11:30 Asia/Kuala_Lumpur] PHP Warning:  require_once(includes/bootstrap.php): Failed to open stream: No such file or directory in C:\xampp\htdocs\WebChat\api\test_search_with_session.php on line 19
[24-Sep-2026 13:11:30 Asia/Kuala_Lumpur] PHP Fatal error:  Uncaught Error: Failed opening required 'includes/bootstrap.php' (include_path='C:\xampp\php\PEAR') in C:\xampp\htdocs\WebChat\api\test_search_with_session.php:19
Stack trace:
#0 {main}
  thrown in C:\xampp\htdocs\WebChat\api\test_search_with_session.php on line 19
[24-Sep-2026 13:21:49 Asia/Kuala_Lumpur] PHP Warning:  session_start(): Session ID is too long or contains illegal characters. Only the A-Z, a-z, 0-9, &quot;-&quot;, and &quot;,&quot; characters are allowed in C:\xampp\htdocs\WebChat\api\test_friends_direct.php on line 8
[24-Sep-2026 13:21:49 Asia/Kuala_Lumpur] PHP Warning:  session_start(): Failed to read session data: files (path: C:\xampp\tmp) in C:\xampp\htdocs\WebChat\api\test_friends_direct.php on line 8
[24-Sep-2026 13:21:49 Asia/Kuala_Lumpur] PHP Warning:  require_once(includes/bootstrap.php): Failed to open stream: No such file or directory in C:\xampp\htdocs\WebChat\api\test_friends_direct.php on line 13
[24-Sep-2026 13:21:49 Asia/Kuala_Lumpur] PHP Fatal error:  Uncaught Error: Failed opening required 'includes/bootstrap.php' (include_path='C:\xampp\php\PEAR') in C:\xampp\htdocs\WebChat\api\test_friends_direct.php:13
Stack trace:
#0 {main}
  thrown in C:\xampp\htdocs\WebChat\api\test_friends_direct.php on line 13
[24-Sep-2026 13:51:24 Asia/Kuala_Lumpur] PHP Warning:  require_once(includes/bootstrap.php): Failed to open stream: No such file or directory in C:\xampp\htdocs\WebChat\api\test_pending.php on line 7
[24-Sep-2026 13:51:24 Asia/Kuala_Lumpur] PHP Fatal error:  Uncaught Error: Failed opening required 'includes/bootstrap.php' (include_path='C:\xampp\php\PEAR') in C:\xampp\htdocs\WebChat\api\test_pending.php:7
Stack trace:
#0 {main}
  thrown in C:\xampp\htdocs\WebChat\api\test_pending.php on line 7
[24-Sep-2026 06:13:18 UTC] PHP Fatal error:  Uncaught PDOException: SQLSTATE[HY093]: Invalid parameter number in C:\xampp\htdocs\WebChat\includes\database.php:31
Stack trace:
#0 C:\xampp\htdocs\WebChat\includes\database.php(31): PDOStatement->execute(Array)
#1 C:\xampp\htdocs\WebChat\includes\database.php(36): Database::query('SELECT u.id, u....', Array)
#2 C:\xampp\htdocs\WebChat\api\test_conversations.php(15): Database::fetchAll('SELECT u.id, u....', Array)
#3 {main}
  thrown in C:\xampp\htdocs\WebChat\includes\database.php on line 31
[24-Sep-2026 06:29:19 UTC] PHP Fatal error:  Uncaught PDOException: SQLSTATE[01000]: Warning: 1265 Data truncated for column 'type' at row 1 in C:\xampp\htdocs\WebChat\includes\database.php:31
Stack trace:
#0 C:\xampp\htdocs\WebChat\includes\database.php(31): PDOStatement->execute(Array)
#1 C:\xampp\htdocs\WebChat\includes\database.php(52): Database::query('INSERT INTO mes...', Array)
#2 C:\xampp\htdocs\WebChat\api\messages.php(123): Database::insert('messages', Array)
#3 {main}
  thrown in C:\xampp\htdocs\WebChat\includes\database.php on line 31
[24-Sep-2026 06:29:20 UTC] PHP Fatal error:  Uncaught PDOException: SQLSTATE[01000]: Warning: 1265 Data truncated for column 'type' at row 1 in C:\xampp\htdocs\WebChat\includes\database.php:31
Stack trace:
#0 C:\xampp\htdocs\WebChat\includes\database.php(31): PDOStatement->execute(Array)
#1 C:\xampp\htdocs\WebChat\includes\database.php(52): Database::query('INSERT INTO mes...', Array)
#2 C:\xampp\htdocs\WebChat\api\messages.php(123): Database::insert('messages', Array)
#3 {main}
  thrown in C:\xampp\htdocs\WebChat\includes\database.php on line 31
[24-Sep-2026 06:29:23 UTC] PHP Fatal error:  Uncaught PDOException: SQLSTATE[01000]: Warning: 1265 Data truncated for column 'type' at row 1 in C:\xampp\htdocs\WebChat\includes\database.php:31
Stack trace:
#0 C:\xampp\htdocs\WebChat\includes\database.php(31): PDOStatement->execute(Array)
#1 C:\xampp\htdocs\WebChat\includes\database.php(52): Database::query('INSERT INTO mes...', Array)
#2 C:\xampp\htdocs\WebChat\api\messages.php(123): Database::insert('messages', Array)
#3 {main}
  thrown in C:\xampp\htdocs\WebChat\includes\database.php on line 31
[24-Sep-2026 06:30:57 UTC] PHP Fatal error:  Uncaught PDOException: SQLSTATE[01000]: Warning: 1265 Data truncated for column 'type' at row 1 in C:\xampp\htdocs\WebChat\includes\database.php:31
Stack trace:
#0 C:\xampp\htdocs\WebChat\includes\database.php(31): PDOStatement->execute(Array)
#1 C:\xampp\htdocs\WebChat\includes\database.php(52): Database::query('INSERT INTO mes...', Array)
#2 C:\xampp\htdocs\WebChat\api\messages.php(123): Database::insert('messages', Array)
#3 {main}
  thrown in C:\xampp\htdocs\WebChat\includes\database.php on line 31
[24-Sep-2026 06:31:13 UTC] PHP Fatal error:  Uncaught PDOException: SQLSTATE[01000]: Warning: 1265 Data truncated for column 'type' at row 1 in C:\xampp\htdocs\WebChat\includes\database.php:31
Stack trace:
#0 C:\xampp\htdocs\WebChat\includes\database.php(31): PDOStatement->execute(Array)
#1 C:\xampp\htdocs\WebChat\includes\database.php(52): Database::query('INSERT INTO mes...', Array)
#2 C:\xampp\htdocs\WebChat\api\messages.php(123): Database::insert('messages', Array)
#3 {main}
  thrown in C:\xampp\htdocs\WebChat\includes\database.php on line 31
[24-Sep-2026 06:38:53 UTC] PHP Fatal error:  Uncaught PDOException: SQLSTATE[01000]: Warning: 1265 Data truncated for column 'type' at row 1 in C:\xampp\htdocs\WebChat\includes\database.php:31
Stack trace:
#0 C:\xampp\htdocs\WebChat\includes\database.php(31): PDOStatement->execute(Array)
#1 C:\xampp\htdocs\WebChat\includes\database.php(52): Database::query('INSERT INTO mes...', Array)
#2 C:\xampp\htdocs\WebChat\api\messages.php(123): Database::insert('messages', Array)
#3 {main}
  thrown in C:\xampp\htdocs\WebChat\includes\database.php on line 31
[24-Sep-2026 06:39:16 UTC] PHP Fatal error:  Uncaught PDOException: SQLSTATE[01000]: Warning: 1265 Data truncated for column 'type' at row 1 in C:\xampp\htdocs\WebChat\includes\database.php:31
Stack trace:
#0 C:\xampp\htdocs\WebChat\includes\database.php(31): PDOStatement->execute(Array)
#1 C:\xampp\htdocs\WebChat\includes\database.php(52): Database::query('INSERT INTO mes...', Array)
#2 C:\xampp\htdocs\WebChat\api\messages.php(123): Database::insert('messages', Array)
#3 {main}
  thrown in C:\xampp\htdocs\WebChat\includes\database.php on line 31
[24-Sep-2026 06:39:40 UTC] PHP Fatal error:  Uncaught PDOException: SQLSTATE[01000]: Warning: 1265 Data truncated for column 'type' at row 1 in C:\xampp\htdocs\WebChat\includes\database.php:31
Stack trace:
#0 C:\xampp\htdocs\WebChat\includes\database.php(31): PDOStatement->execute(Array)
#1 C:\xampp\htdocs\WebChat\includes\database.php(52): Database::query('INSERT INTO mes...', Array)
#2 C:\xampp\htdocs\WebChat\api\messages.php(123): Database::insert('messages', Array)
#3 {main}
  thrown in C:\xampp\htdocs\WebChat\includes\database.php on line 31
[24-Sep-2026 07:26:02 UTC] PHP Fatal error:  Uncaught PDOException: SQLSTATE[01000]: Warning: 1265 Data truncated for column 'call_type' at row 1 in C:\xampp\htdocs\WebChat\includes\database.php:31
Stack trace:
#0 C:\xampp\htdocs\WebChat\includes\database.php(31): PDOStatement->execute(Array)
#1 C:\xampp\htdocs\WebChat\includes\database.php(52): Database::query('INSERT INTO voi...', Array)
#2 C:\xampp\htdocs\WebChat\api\calls.php(34): Database::insert('voice_call_sess...', Array)
#3 {main}
  thrown in C:\xampp\htdocs\WebChat\includes\database.php on line 31
[24-Sep-2026 07:26:13 UTC] PHP Fatal error:  Uncaught PDOException: SQLSTATE[01000]: Warning: 1265 Data truncated for column 'call_type' at row 1 in C:\xampp\htdocs\WebChat\includes\database.php:31
Stack trace:
#0 C:\xampp\htdocs\WebChat\includes\database.php(31): PDOStatement->execute(Array)
#1 C:\xampp\htdocs\WebChat\includes\database.php(52): Database::query('INSERT INTO voi...', Array)
#2 C:\xampp\htdocs\WebChat\api\calls.php(34): Database::insert('voice_call_sess...', Array)
#3 {main}
  thrown in C:\xampp\htdocs\WebChat\includes\database.php on line 31
[24-Sep-2026 08:13:41 UTC] PHP Fatal error:  Uncaught Error: Object of class PDOStatement could not be converted to string in C:\xampp\htdocs\WebChat\api\cleanup_calls.php:18
Stack trace:
#0 {main}
  thrown in C:\xampp\htdocs\WebChat\api\cleanup_calls.php on line 18
